// Jest Snapshot v1, https://goo.gl/fbAQLP

exports[`Nav Nav renders correctly 1`] = `
.c0 {
  font-family: 'Nunito',Arial,Helvetica,sans-serif;
  display: -webkit-box;
  display: -webkit-flex;
  display: -ms-flexbox;
  display: flex;
  -webkit-flex-direction: row;
  -ms-flex-direction: row;
  flex-direction: row;
  -webkit-flex-wrap: wrap;
  -ms-flex-wrap: wrap;
  flex-wrap: wrap;
  -webkit-box-pack: space-around;
  -webkit-justify-content: space-around;
  -ms-flex-pack: space-around;
  justify-content: space-around;
}

.c1 {
  -webkit-transition: -webkit-transform 0.08s ease-in-out;
  -webkit-transition: transform 0.08s ease-in-out;
  transition: transform 0.08s ease-in-out;
}

.c1:hover {
  -webkit-transform: scale(1.1);
  -ms-transform: scale(1.1);
  transform: scale(1.1);
}

.c1 a {
  color: #28579d;
  font-weight: bold;
  display: inline-block;
  padding: 0 0.75ch;
  text-align: center;
  -webkit-text-decoration: none;
  text-decoration: none;
}

@media screen and (max-width:450px) {
  .c1 a {
    padding: 0 0.75ch;
  }
}

<nav
  className="c0"
>
  <section
    className="c1"
  >
    <a
      href="/"
    >
      Home
    </a>
  </section>
  <section
    className="c1"
  >
    <a
      href="/about"
    >
      About
    </a>
  </section>
  <section
    className="c1"
  >
    <a
      href="/blog"
    >
      Blog
    </a>
  </section>
  <section
    className="c1"
  >
    <a
      href="/contact"
    >
      Contact
    </a>
  </section>
</nav>
`;
